C:/ProgramData/cocos/editors/Creator/3.8.7/resources/resources/3d/engine/bin/.declarations/cc.d.ts(75858,26): error TS2307: Cannot find module 'cc/editor/serialization' or its corresponding type declarations.
